// Jest Snapshot v1, https://goo.gl/fbAQLP

exports[`<Status /> should render proper markup 1`] = `
<h1
  className="text text-color-dark-grey text-size-standard"
>
  Dealer Wins
</h1>
`;
